../Src/EXTI_program.c:13:6:EXTI_VoidHardwareInterruptEnable	16	static
../Src/EXTI_program.c:27:6:EXTI_VoidHardwareEventEnable	16	static
../Src/EXTI_program.c:42:6:EXTI_VoidSoftwareInterruptMask	16	static
../Src/EXTI_program.c:50:6:EXTI_VoidSoftwareEventMask	16	static
../Src/EXTI_program.c:59:6:EXTI_VoidSetCallbackFunction	16	static
../Src/EXTI_program.c:62:6:EXTI0_IRQHandler	8	static
../Src/EXTI_program.c:68:6:EXTI1_IRQHandler	8	static
../Src/EXTI_program.c:74:6:EXTI2_IRQHandler	8	static
../Src/EXTI_program.c:80:6:EXTI3_IRQHandler	8	static
../Src/EXTI_program.c:86:6:EXTI4_IRQHandler	8	static
../Src/EXTI_program.c:93:6:EXTI9_5_IRQHandler	16	static
../Src/EXTI_program.c:103:6:EXTI15_10_IRQHandler	16	static
